exports[`SearchCard merges Search field types to the expected structure 1`] = `
Object {
  "otherDetailSearch": Object {
    "fields": Object {
      "operationalGoal": Object {
        "label": "Operational Goal / Problem",
        "name": "operationalGoal",
        "tooltip": "",
        "type": "textarea",
        "value": null,
      },
      "otherDetailSearchName": Object {
        "label": "Other Search",
        "name": "otherDetailSearchName",
        "tooltip": "",
        "type": "string",
        "value": null,
      },
      "searchDescription": Object {
        "label": "Other Search Description",
        "name": "searchDescription",
        "tooltip": "",
        "type": "string",
        "value": null,
      },
      "searchObjective": Object {
        "label": "Search Objective",
        "name": "searchObjective",
        "tooltip": "",
        "type": "multiSelect",
        "typeValues": Array [
          Object {},
        ],
        "value": null,
      },
      "searchRelationship": Object {
        "label": "Search Relationship Type",
        "name": "searchRelationship",
        "tooltip": "",
        "type": "multiSelect",
        "typeValues": Array [
          Object {},
        ],
        "value": null,
      },
    },
    "meta": Object {
      "createdAt": null,
      "name": "otherDetailSearch",
      "type": "Other - I want to specify other search details",
    },
  },
  "otherSearch": Object {
    "fields": Object {},
    "meta": Object {
      "createdAt": null,
      "name": "otherSearch",
      "type": "Other - I am interested in other relevant opportunities",
    },
  },
  "partnerDetailSearch": Object {
    "fields": Object {
      "assetsProvide": Object {
        "label": "Assets We Provide",
        "name": "assetsProvide",
        "tooltip": "",
        "type": "textarea",
        "value": null,
      },
      "assetsSearch": Object {
        "label": "Assets we Search",
        "name": "assetsSearch",
        "tooltip": "",
        "type": "textarea",
        "value": null,
      },
      "businessObjectives": Object {
        "label": "Business Objectives",
        "name": "businessObjectives",
        "tooltip": "",
        "type": "multiSelect",
        "typeValues": Array [
          Object {},
        ],
        "value": null,
      },
      "collaborationRequirements": Object {
        "label": "Collaboration Requirements",
        "name": "collaborationRequirements",
        "tooltip": "",
        "type": "textarea",
        "value": null,
      },
      "operationalGoal": Object {
        "label": "Operational Goal / Problem",
        "name": "operationalGoal",
        "tooltip": "",
        "type": "textarea",
        "value": null,
      },
      "otherPartnerCharacteristics": Object {
        "label": "Other Partner Characteristics",
        "name": "otherPartnerCharacteristics",
        "tooltip": "",
        "type": "multiSelect",
        "typeValues": Array [
          Object {},
        ],
        "value": null,
      },
      "partnerBenefits": Object {
        "label": "Benefits to Partner",
        "name": "partnerBenefits",
        "tooltip": "",
        "type": "textarea",
        "value": null,
      },
      "partnerBusinessType": Object {
        "label": "Partner Business Type",
        "name": "partnerBusinessType",
        "tooltip": "",
        "type": "multiSelect",
        "typeValues": Array [
          Object {},
        ],
        "value": null,
      },
      "partnerDetailSearchName": Object {
        "label": "Specific Strategic Partner",
        "name": "partnerDetailSearchName",
        "tooltip": "",
        "type": "string",
        "value": null,
      },
      "partnerIndustry": Object {
        "label": "Partner Industry",
        "name": "partnerIndustry",
        "tooltip": "",
        "type": "multiSelect",
        "typeValues": Array [
          Object {},
        ],
        "value": null,
      },
      "partnerKeyActivities": Object {
        "label": "Partner Key Activites",
        "name": "partnerKeyActivities",
        "tooltip": "",
        "type": "multiSelect",
        "typeValues": Array [
          Object {},
        ],
        "value": null,
      },
      "partnerKeyResources": Object {
        "label": "Partner Key Resources",
        "name": "partnerKeyResources",
        "tooltip": "",
        "type": "multiSelect",
        "typeValues": Array [
          Object {},
        ],
        "value": null,
      },
      "partnerLanguages": Object {
        "label": "Partner Languages",
        "name": "partnerLanguages",
        "tooltip": "",
        "type": "multiSelect",
        "typeValues": Array [
          Object {},
        ],
        "value": null,
      },
      "partnerLocation": Object {
        "label": "Partner Location",
        "name": "partnerLocation",
        "tooltip": "",
        "type": "multiSelect",
        "typeValues": Array [
          Object {},
        ],
        "value": null,
      },
      "partnerSector": Object {
        "label": "Partner Sector",
        "name": "partnerSector",
        "tooltip": "",
        "type": "multiSelect",
        "typeValues": Array [
          Object {},
        ],
        "value": null,
      },
      "partnerSizeIndication": Object {
        "label": "Partner Size Indication",
        "name": "partnerSizeIndication",
        "tooltip": "",
        "type": "multiSelect",
        "typeValues": Array [
          Object {},
        ],
        "value": null,
      },
      "partnerSubSector": Object {
        "label": "Partner Sub-Sector",
        "name": "partnerSubSector",
        "tooltip": "",
        "type": "multiSelect",
        "typeValues": Array [
          Object {},
        ],
        "value": null,
      },
      "synergies": Object {
        "label": "Intended Synergies",
        "name": "synergies",
        "tooltip": "",
        "type": "textarea",
        "value": null,
      },
    },
    "meta": Object {
      "createdAt": null,
      "name": "partnerDetailSearch",
      "type": "Strategic partners - I want to specify the details of what I am looking for",
    },
  },
  "partnerSearch": Object {
    "fields": Object {},
    "meta": Object {
      "createdAt": null,
      "name": "partnerSearch",
      "type": "Strategic partners - Search relevant options for my company",
    },
  },
  "productDetailSearch": Object {
    "fields": Object {
      "budget": Object {
        "label": "Budget",
        "name": "budget",
        "tooltip": "",
        "type": "string",
        "value": null,
      },
      "businessObjectives": Object {
        "label": "Business Objectives",
        "name": "businessObjectives",
        "tooltip": "",
        "type": "multiSelect",
        "typeValues": Array [
          Object {},
        ],
        "value": null,
      },
      "capacity": Object {
        "label": "Capacity Requirements",
        "name": "capacity",
        "tooltip": "",
        "type": "string",
        "value": null,
      },
      "companyDescription": Object {
        "label": "Company Description",
        "name": "companyDescription",
        "tooltip": "",
        "type": "textarea",
        "value": null,
      },
      "compatibileTechnologies": Object {
        "label": "Compatibile Technologies",
        "name": "compatibileTechnologies",
        "tooltip": "",
        "type": "multiSelect",
        "typeValues": Array [
          Object {},
        ],
        "value": null,
      },
      "dataSecurity": Object {
        "label": "Data Security Concern",
        "name": "dataSecurity",
        "tooltip": "",
        "type": "textarea",
        "value": null,
      },
      "digitalizationScope": Object {
        "label": "Digitalization Scope",
        "name": "digitalizationScope",
        "tooltip": "",
        "type": "textarea",
        "value": null,
      },
      "industryStandards": Object {
        "label": "Product / Industry Standards",
        "name": "industryStandards",
        "tooltip": "",
        "type": "multiSelect",
        "typeValues": Array [
          Object {},
        ],
        "value": null,
      },
      "keyActivities": Object {
        "label": "Performs Key Activities",
        "name": "keyActivities",
        "tooltip": "",
        "type": "multiSelect",
        "typeValues": Array [
          Object {},
        ],
        "value": null,
      },
      "keyResources": Object {
        "label": "Improves Key Resources",
        "name": "keyResources",
        "tooltip": "",
        "type": "multiSelect",
        "typeValues": Array [
          Object {},
        ],
        "value": null,
      },
      "legalConsideration": Object {
        "label": "Legal Considerations",
        "name": "legalConsideration",
        "tooltip": "",
        "type": "textarea",
        "value": null,
      },
      "operationalGoal": Object {
        "label": "Operational Goal / Problem",
        "name": "operationalGoal",
        "tooltip": "",
        "type": "textarea",
        "value": null,
      },
      "otherProductRequirements": Object {
        "label": "Other Product Requirements",
        "name": "otherProductRequirements",
        "tooltip": "",
        "type": "textarea",
        "value": null,
      },
      "productCategory": Object {
        "label": "Product Category",
        "name": "productCategory",
        "tooltip": "",
        "type": "string",
        "value": null,
      },
      "productDetailSearchName": Object {
        "label": "Search Name",
        "name": "productDetailSearchName",
        "tooltip": "",
        "type": "string",
        "value": null,
      },
      "solution": Object {
        "label": "Solution",
        "name": "solution",
        "tooltip": "",
        "type": "multiSelect",
        "typeValues": Array [
          Object {},
        ],
        "value": null,
      },
      "technologiesNeeded": Object {
        "label": "Technologies Needed",
        "name": "technologiesNeeded",
        "tooltip": "",
        "type": "multiSelect",
        "typeValues": Array [
          Object {},
        ],
        "value": null,
      },
      "timeline": Object {
        "label": "Timeline",
        "name": "timeline",
        "tooltip": "",
        "type": "string",
        "value": null,
      },
      "valueChain": Object {
        "label": "For Value Chain / Support Function",
        "name": "valueChain",
        "tooltip": "",
        "type": "dropdown",
        "typeValues": Array [],
        "value": null,
      },
    },
    "meta": Object {
      "createdAt": null,
      "name": "productDetailSearch",
      "type": "Products/Services - I want to specify the details of what I am looking for",
    },
  },
  "productSearch": Object {
    "fields": Object {},
    "meta": Object {
      "createdAt": null,
      "name": "productSearch",
      "type": "Products/Services - Search interesting options for my company",
    },
  },
  "searchPreferences": Object {
    "collaboration": Object {
      "label": "I am interested in joining projects for collaboration",
      "name": "collaboration",
      "type": "checkbox",
      "value": null,
    },
    "customer": Object {
      "label": "I am interested in new customers for my product/services",
      "name": "customer",
      "type": "checkbox",
      "value": null,
    },
    "opportunities": Object {
      "label": "I am interested in other relevant opportunities",
      "name": "opportunities",
      "type": "checkbox",
      "value": null,
    },
    "strategicPartners": Object {
      "label": "I am interested in strategic partnerships",
      "name": "strategicPartners",
      "type": "checkbox",
      "value": null,
    },
    "suitableProduct": Object {
      "label": "I am interested in suitable product/service offers",
      "name": "suitableProduct",
      "type": "checkbox",
      "value": null,
    },
  },
  "searchTypes": Object {
    "label": "CHOOSE A SEARCH SCENARIO",
    "name": "searchTypeDropdown",
    "type": "dropdown",
    "typeValues": Object {
      "other": "Other - I am interested in other relevant opportunities",
      "otherDetail": "Other - I want to specify other search details",
      "partner": "Strategic partners - Search relevant options for my company",
      "partnerDetail": "Strategic partners - I want to specify the details of what I am looking for",
      "product": "Products/Services - Search interesting options for my company",
      "productDetail": "Products/Services - I want to specify the details of what I am looking for",
    },
    "value": null,
  },
}
`;
